2026/09/18 16:31:07 Migrations applied successfully
2026/09/18 16:31:07 PostgreSQL connected successfully
2026/09/18 16:31:07 Redis connected successfully
2026/09/18 16:31:07 Bucket 'ttshelf' created
2026/09/18 16:31:07 MinIO connected successfully
2026-09-18T16:31:07.567+0400	[34mINFO[0m	logger/logger.go:32	TTShelf backend starting on 0.0.0.0:9090
2026/09/18 16:31:10 [WIN-6I1MUDEU984/zZbdHD3Rvd-000001] "GET http://localhost:9090/swagger/index.html HTTP/1.1" from [::1]:49615 - 200 3419B in 539.4µs
2026/09/18 16:32:47 [WIN-6I1MUDEU984/zZbdHD3Rvd-000002] "GET http://localhost:9090/api/v1/health HTTP/1.1" from [::1]:49744 - 404 19B in 0s
2026/09/18 16:32:47 [WIN-6I1MUDEU984/zZbdHD3Rvd-000003] "GET http://localhost:9090/swagger/index.html HTTP/1.1" from [::1]:49745 - 200 3419B in 0s
2026/09/18 16:33:53 [WIN-6I1MUDEU984/zZbdHD3Rvd-000004] "POST http://localhost:9090/api/v1/auth/register HTTP/1.1" from [::1]:49826 - 201 179B in 309.6565ms
2026/09/18 16:34:06 [WIN-6I1MUDEU984/zZbdHD3Rvd-000005] "POST http://localhost:9090/api/v1/auth/verify-otp HTTP/1.1" from [::1]:49852 - 200 542B in 7.9516ms
2026/09/18 16:34:06 [WIN-6I1MUDEU984/zZbdHD3Rvd-000007] "GET http://localhost:9090/api/v1/canvases?limit=20&offset=0 HTTP/1.1" from [::1]:49861 - 200 74B in 5.1905ms
2026/09/18 16:34:06 [WIN-6I1MUDEU984/zZbdHD3Rvd-000006] "GET http://localhost:9090/api/v1/books?limit=20&offset=0 HTTP/1.1" from [::1]:49860 - 200 71B in 7.4177ms
2026/09/18 16:34:06 [WIN-6I1MUDEU984/zZbdHD3Rvd-000009] "GET http://localhost:9090/api/v1/books?limit=20&offset=0 HTTP/1.1" from [::1]:49863 - 200 71B in 4.1286ms
2026/09/18 16:34:06 [WIN-6I1MUDEU984/zZbdHD3Rvd-000008] "GET http://localhost:9090/api/v1/canvases?limit=20&offset=0 HTTP/1.1" from [::1]:49862 - 200 74B in 4.1286ms
2026/09/18 16:34:15 [WIN-6I1MUDEU984/zZbdHD3Rvd-000010] "POST http://localhost:9090/api/v1/books HTTP/1.1" from [::1]:49872 - 201 299B in 47.7224ms
2026/09/18 16:34:16 [WIN-6I1MUDEU984/zZbdHD3Rvd-000011] "POST http://localhost:9090/api/v1/canvases HTTP/1.1" from [::1]:49879 - 201 289B in 6.5726ms
2026/09/18 16:34:16 [WIN-6I1MUDEU984/zZbdHD3Rvd-000012] "GET http://localhost:9090/api/v1/canvases/68432bbf-b4b8-43e0-ba7a-6a37910cf686 HTTP/1.1" from [::1]:49885 - 200 289B in 1.6718ms
2026/09/18 16:34:16 [WIN-6I1MUDEU984/zZbdHD3Rvd-000014] "GET http://localhost:9090/api/v1/books/2e09db8d-b409-4264-b693-b804d3625a59 HTTP/1.1" from [::1]:49887 - 200 299B in 4.033ms
2026/09/18 16:34:16 [WIN-6I1MUDEU984/zZbdHD3Rvd-000015] "GET http://localhost:9090/api/v1/canvases/68432bbf-b4b8-43e0-ba7a-6a37910cf686 HTTP/1.1" from [::1]:49888 - 200 289B in 524.9µs
2026/09/18 16:34:16 [WIN-6I1MUDEU984/zZbdHD3Rvd-000013] "GET http://localhost:9090/api/v1/canvases/68432bbf-b4b8-43e0-ba7a-6a37910cf686/elements HTTP/1.1" from [::1]:49886 - 200 29B in 7.9137ms
2026/09/18 16:34:16 [WIN-6I1MUDEU984/zZbdHD3Rvd-000016] "GET http://localhost:9090/api/v1/books/2e09db8d-b409-4264-b693-b804d3625a59 HTTP/1.1" from [::1]:49890 - 200 299B in 2.9924ms
2026/09/18 16:34:16 [WIN-6I1MUDEU984/zZbdHD3Rvd-000017] "GET http://localhost:9090/api/v1/canvases/68432bbf-b4b8-43e0-ba7a-6a37910cf686/elements HTTP/1.1" from [::1]:49892 - 200 29B in 1.8905ms
2026/09/18 16:34:16 [WIN-6I1MUDEU984/zZbdHD3Rvd-000019] "GET http://localhost:9090/api/v1/books/2e09db8d-b409-4264-b693-b804d3625a59 HTTP/1.1" from [::1]:49898 - 200 299B in 1.9808ms
2026/09/18 16:34:16 [WIN-6I1MUDEU984/zZbdHD3Rvd-000020] "GET http://localhost:9090/api/v1/books/2e09db8d-b409-4264-b693-b804d3625a59/annotations HTTP/1.1" from [::1]:49897 - 200 29B in 5.055ms
2026/09/18 16:34:16 [WIN-6I1MUDEU984/zZbdHD3Rvd-000021] "GET http://localhost:9090/api/v1/books/2e09db8d-b409-4264-b693-b804d3625a59 HTTP/1.1" from [::1]:49900 - 200 299B in 829.9µs
2026/09/18 16:34:16 [WIN-6I1MUDEU984/zZbdHD3Rvd-000018] "GET http://localhost:9090/api/v1/books/2e09db8d-b409-4264-b693-b804d3625a59/file HTTP/1.1" from [::1]:49896 - 200 1798B in 8.4502ms
2026/09/18 16:34:16 [WIN-6I1MUDEU984/zZbdHD3Rvd-000022] "GET http://localhost:9090/api/v1/books/2e09db8d-b409-4264-b693-b804d3625a59/annotations HTTP/1.1" from [::1]:49902 - 200 29B in 2.4456ms
2026/09/18 16:34:16 [WIN-6I1MUDEU984/zZbdHD3Rvd-000023] "GET http://localhost:9090/api/v1/books/2e09db8d-b409-4264-b693-b804d3625a59/file HTTP/1.1" from [::1]:49905 - 200 1798B in 5.0325ms
2026/09/18 16:34:36 [WIN-6I1MUDEU984/zZbdHD3Rvd-000024] "POST http://localhost:9090/api/v1/canvases/68432bbf-b4b8-43e0-ba7a-6a37910cf686/elements/batch HTTP/1.1" from [::1]:49919 - 200 63B in 12.6176ms
2026/09/18 16:34:39 [WIN-6I1MUDEU984/zZbdHD3Rvd-000025] "POST http://localhost:9090/api/v1/books/2e09db8d-b409-4264-b693-b804d3625a59/annotations HTTP/1.1" from [::1]:49923 - 201 348B in 10.4131ms
2026/09/18 16:34:40 [WIN-6I1MUDEU984/zZbdHD3Rvd-000026] "POST http://localhost:9090/api/v1/canvases/68432bbf-b4b8-43e0-ba7a-6a37910cf686/elements/batch HTTP/1.1" from [::1]:49925 - 200 63B in 7.3304ms
2026/09/18 16:35:01 [WIN-6I1MUDEU984/zZbdHD3Rvd-000027] "POST http://localhost:9090/api/v1/canvases/68432bbf-b4b8-43e0-ba7a-6a37910cf686/elements/batch HTTP/1.1" from [::1]:51037 - 200 63B in 8.7192ms
2026/09/18 16:35:13 [WIN-6I1MUDEU984/zZbdHD3Rvd-000028] "POST http://localhost:9090/api/v1/canvases/68432bbf-b4b8-43e0-ba7a-6a37910cf686/elements/batch HTTP/1.1" from [::1]:51159 - 200 63B in 14.466ms
2026/09/18 16:35:18 [WIN-6I1MUDEU984/zZbdHD3Rvd-000029] "POST http://localhost:9090/api/v1/canvases/68432bbf-b4b8-43e0-ba7a-6a37910cf686/elements/batch HTTP/1.1" from [::1]:51179 - 200 63B in 14.3557ms
2026/09/18 16:35:42 [WIN-6I1MUDEU984/zZbdHD3Rvd-000030] "POST http://localhost:9090/api/v1/canvases/68432bbf-b4b8-43e0-ba7a-6a37910cf686/elements/batch HTTP/1.1" from [::1]:51205 - 200 63B in 12.9515ms
2026/09/18 16:36:06 [WIN-6I1MUDEU984/zZbdHD3Rvd-000031] "POST http://localhost:9090/api/v1/canvases/68432bbf-b4b8-43e0-ba7a-6a37910cf686/elements/batch HTTP/1.1" from [::1]:51225 - 200 63B in 8.6283ms
2026/09/18 16:36:15 [WIN-6I1MUDEU984/zZbdHD3Rvd-000032] "POST http://localhost:9090/api/v1/canvases/68432bbf-b4b8-43e0-ba7a-6a37910cf686/elements/batch HTTP/1.1" from [::1]:51234 - 200 63B in 13.3331ms
2026/09/18 16:36:29 [WIN-6I1MUDEU984/zZbdHD3Rvd-000033] "POST http://localhost:9090/api/v1/canvases/68432bbf-b4b8-43e0-ba7a-6a37910cf686/elements/batch HTTP/1.1" from [::1]:51245 - 200 63B in 6.9296ms
2026/09/18 16:36:54 [WIN-6I1MUDEU984/zZbdHD3Rvd-000034] "POST http://localhost:9090/api/v1/canvases/68432bbf-b4b8-43e0-ba7a-6a37910cf686/elements/batch HTTP/1.1" from [::1]:51278 - 200 63B in 10.9272ms
2026/09/18 16:36:56 [WIN-6I1MUDEU984/zZbdHD3Rvd-000035] "POST http://localhost:9090/api/v1/canvases/68432bbf-b4b8-43e0-ba7a-6a37910cf686/elements/batch HTTP/1.1" from [::1]:51284 - 200 63B in 9.2733ms
2026/09/18 16:37:01 [WIN-6I1MUDEU984/zZbdHD3Rvd-000036] "POST http://localhost:9090/api/v1/canvases/68432bbf-b4b8-43e0-ba7a-6a37910cf686/elements/batch HTTP/1.1" from [::1]:51291 - 200 63B in 8.9699ms
2026/09/18 16:37:07 [WIN-6I1MUDEU984/zZbdHD3Rvd-000037] "POST http://localhost:9090/api/v1/canvases/68432bbf-b4b8-43e0-ba7a-6a37910cf686/elements/batch HTTP/1.1" from [::1]:51296 - 200 63B in 7.6859ms
2026/09/18 16:37:13 [WIN-6I1MUDEU984/zZbdHD3Rvd-000038] "POST http://localhost:9090/api/v1/canvases/68432bbf-b4b8-43e0-ba7a-6a37910cf686/elements/batch HTTP/1.1" from [::1]:51304 - 200 63B in 13.6085ms
2026/09/18 16:37:29 [WIN-6I1MUDEU984/zZbdHD3Rvd-000039] "POST http://localhost:9090/api/v1/canvases/68432bbf-b4b8-43e0-ba7a-6a37910cf686/elements/batch HTTP/1.1" from [::1]:51316 - 200 63B in 6.6036ms
2026/09/18 16:37:31 [WIN-6I1MUDEU984/zZbdHD3Rvd-000040] "POST http://localhost:9090/api/v1/canvases/68432bbf-b4b8-43e0-ba7a-6a37910cf686/elements/batch HTTP/1.1" from [::1]:51319 - 200 63B in 5.9702ms
2026/09/18 16:37:37 [WIN-6I1MUDEU984/zZbdHD3Rvd-000041] "POST http://localhost:9090/api/v1/canvases/68432bbf-b4b8-43e0-ba7a-6a37910cf686/elements/batch HTTP/1.1" from [::1]:51324 - 200 63B in 7.0123ms
2026/09/18 16:37:39 [WIN-6I1MUDEU984/zZbdHD3Rvd-000042] "POST http://localhost:9090/api/v1/canvases/68432bbf-b4b8-43e0-ba7a-6a37910cf686/elements/batch HTTP/1.1" from [::1]:51327 - 200 63B in 8.5855ms
2026/09/18 16:37:46 [WIN-6I1MUDEU984/zZbdHD3Rvd-000043] "POST http://localhost:9090/api/v1/canvases/68432bbf-b4b8-43e0-ba7a-6a37910cf686/elements/batch HTTP/1.1" from [::1]:51332 - 200 63B in 12.4423ms
2026/09/18 16:37:52 [WIN-6I1MUDEU984/zZbdHD3Rvd-000044] "POST http://localhost:9090/api/v1/canvases/68432bbf-b4b8-43e0-ba7a-6a37910cf686/elements/batch HTTP/1.1" from [::1]:51340 - 200 63B in 11.3293ms
2026/09/18 16:37:57 [WIN-6I1MUDEU984/zZbdHD3Rvd-000045] "POST http://localhost:9090/api/v1/canvases/68432bbf-b4b8-43e0-ba7a-6a37910cf686/elements/batch HTTP/1.1" from [::1]:51347 - 200 63B in 9.6746ms
2026/09/18 16:38:48 [WIN-6I1MUDEU984/zZbdHD3Rvd-000046] "POST http://localhost:9090/api/v1/canvases/68432bbf-b4b8-43e0-ba7a-6a37910cf686/elements/batch HTTP/1.1" from [::1]:51390 - 200 63B in 8.2941ms
2026/09/18 16:39:05 [WIN-6I1MUDEU984/zZbdHD3Rvd-000047] "POST http://localhost:9090/api/v1/canvases/68432bbf-b4b8-43e0-ba7a-6a37910cf686/elements/batch HTTP/1.1" from [::1]:51419 - 200 63B in 9.1953ms
2026/09/18 16:39:27 [WIN-6I1MUDEU984/zZbdHD3Rvd-000048] "POST http://localhost:9090/api/v1/canvases/68432bbf-b4b8-43e0-ba7a-6a37910cf686/elements/batch HTTP/1.1" from [::1]:51433 - 200 63B in 14.2091ms
2026/09/18 16:39:31 [WIN-6I1MUDEU984/zZbdHD3Rvd-000049] "POST http://localhost:9090/api/v1/canvases/68432bbf-b4b8-43e0-ba7a-6a37910cf686/elements/batch HTTP/1.1" from [::1]:51437 - 200 63B in 7.1414ms
2026/09/18 16:39:45 [WIN-6I1MUDEU984/zZbdHD3Rvd-000050] "POST http://localhost:9090/api/v1/canvases/68432bbf-b4b8-43e0-ba7a-6a37910cf686/elements/batch HTTP/1.1" from [::1]:51447 - 200 63B in 8.5077ms
2026/09/18 16:39:47 [WIN-6I1MUDEU984/zZbdHD3Rvd-000051] "POST http://localhost:9090/api/v1/canvases/68432bbf-b4b8-43e0-ba7a-6a37910cf686/elements/batch HTTP/1.1" from [::1]:51450 - 200 63B in 8.53ms
2026/09/18 16:39:51 [WIN-6I1MUDEU984/zZbdHD3Rvd-000052] "POST http://localhost:9090/api/v1/canvases/68432bbf-b4b8-43e0-ba7a-6a37910cf686/elements/batch HTTP/1.1" from [::1]:51454 - 200 63B in 11.1386ms
2026/09/18 16:40:03 [WIN-6I1MUDEU984/zZbdHD3Rvd-000053] "POST http://localhost:9090/api/v1/canvases/68432bbf-b4b8-43e0-ba7a-6a37910cf686/elements/batch HTTP/1.1" from [::1]:51466 - 200 63B in 13.0702ms
2026/09/18 16:40:05 [WIN-6I1MUDEU984/zZbdHD3Rvd-000054] "GET http://localhost:9090/swagger/index.html HTTP/1.1" from [::1]:51472 - 200 3419B in 0s
2026/09/18 16:40:11 [WIN-6I1MUDEU984/zZbdHD3Rvd-000055] "POST http://localhost:9090/api/v1/canvases/68432bbf-b4b8-43e0-ba7a-6a37910cf686/elements/batch HTTP/1.1" from [::1]:51477 - 200 63B in 9.2976ms
2026/09/18 16:40:15 [WIN-6I1MUDEU984/zZbdHD3Rvd-000056] "POST http://localhost:9090/api/v1/canvases/68432bbf-b4b8-43e0-ba7a-6a37910cf686/elements/batch HTTP/1.1" from [::1]:51481 - 200 63B in 6.6137ms
2026/09/18 16:40:38 [WIN-6I1MUDEU984/zZbdHD3Rvd-000057] "POST http://localhost:9090/api/v1/canvases/68432bbf-b4b8-43e0-ba7a-6a37910cf686/elements/batch HTTP/1.1" from [::1]:51496 - 200 63B in 7.6359ms
2026/09/18 16:42:19 [WIN-6I1MUDEU984/zZbdHD3Rvd-000058] "POST http://localhost:9090/api/v1/canvases/68432bbf-b4b8-43e0-ba7a-6a37910cf686/elements/batch HTTP/1.1" from [::1]:51560 - 200 63B in 5.8613ms
2026/09/18 16:42:51 [WIN-6I1MUDEU984/zZbdHD3Rvd-000059] "POST http://localhost:9090/api/v1/canvases/68432bbf-b4b8-43e0-ba7a-6a37910cf686/elements/batch HTTP/1.1" from [::1]:51570 - 200 63B in 11.3603ms
2026/09/18 16:42:53 [WIN-6I1MUDEU984/zZbdHD3Rvd-000060] "POST http://localhost:9090/api/v1/canvases/68432bbf-b4b8-43e0-ba7a-6a37910cf686/elements/batch HTTP/1.1" from [::1]:51574 - 200 63B in 6.9221ms
2026/09/18 16:43:31 [WIN-6I1MUDEU984/zZbdHD3Rvd-000061] "POST http://localhost:9090/api/v1/canvases/68432bbf-b4b8-43e0-ba7a-6a37910cf686/elements/batch HTTP/1.1" from [::1]:51594 - 200 63B in 10.0445ms
2026/09/18 16:43:35 [WIN-6I1MUDEU984/zZbdHD3Rvd-000062] "POST http://localhost:9090/api/v1/canvases/68432bbf-b4b8-43e0-ba7a-6a37910cf686/elements/batch HTTP/1.1" from [::1]:51597 - 200 63B in 7.719ms
2026/09/18 16:43:42 [WIN-6I1MUDEU984/zZbdHD3Rvd-000063] "POST http://localhost:9090/api/v1/canvases/68432bbf-b4b8-43e0-ba7a-6a37910cf686/elements/batch HTTP/1.1" from [::1]:51599 - 200 63B in 6.6539ms
2026/09/18 16:44:17 [WIN-6I1MUDEU984/zZbdHD3Rvd-000064] "POST http://localhost:9090/api/v1/canvases/68432bbf-b4b8-43e0-ba7a-6a37910cf686/elements/batch HTTP/1.1" from [::1]:51632 - 200 63B in 8.1285ms
2026/09/18 16:44:24 [WIN-6I1MUDEU984/zZbdHD3Rvd-000065] "POST http://localhost:9090/api/v1/canvases/68432bbf-b4b8-43e0-ba7a-6a37910cf686/elements/batch HTTP/1.1" from [::1]:51637 - 200 63B in 7.1445ms
2026/09/18 16:45:42 [WIN-6I1MUDEU984/zZbdHD3Rvd-000066] "POST http://localhost:9090/api/v1/canvases/68432bbf-b4b8-43e0-ba7a-6a37910cf686/elements/batch HTTP/1.1" from [::1]:51690 - 200 63B in 6.19ms
2026/09/18 16:45:48 [WIN-6I1MUDEU984/zZbdHD3Rvd-000067] "POST http://localhost:9090/api/v1/canvases/68432bbf-b4b8-43e0-ba7a-6a37910cf686/elements/batch HTTP/1.1" from [::1]:51694 - 200 63B in 8.0474ms
2026/09/18 16:45:56 [WIN-6I1MUDEU984/zZbdHD3Rvd-000068] "POST http://localhost:9090/api/v1/canvases/68432bbf-b4b8-43e0-ba7a-6a37910cf686/elements/batch HTTP/1.1" from [::1]:51701 - 200 63B in 8.3562ms
2026/09/18 16:46:17 [WIN-6I1MUDEU984/zZbdHD3Rvd-000069] "POST http://localhost:9090/api/v1/canvases/68432bbf-b4b8-43e0-ba7a-6a37910cf686/elements/batch HTTP/1.1" from [::1]:51709 - 200 63B in 9.444ms
2026/09/18 16:46:23 [WIN-6I1MUDEU984/zZbdHD3Rvd-000070] "POST http://localhost:9090/api/v1/canvases/68432bbf-b4b8-43e0-ba7a-6a37910cf686/elements/batch HTTP/1.1" from [::1]:51715 - 200 63B in 6.8724ms
2026/09/18 16:46:28 [WIN-6I1MUDEU984/zZbdHD3Rvd-000071] "POST http://localhost:9090/api/v1/canvases/68432bbf-b4b8-43e0-ba7a-6a37910cf686/elements/batch HTTP/1.1" from [::1]:51717 - 200 63B in 8.5582ms
2026/09/18 16:46:52 [WIN-6I1MUDEU984/zZbdHD3Rvd-000072] "POST http://localhost:9090/api/v1/canvases/68432bbf-b4b8-43e0-ba7a-6a37910cf686/elements/batch HTTP/1.1" from [::1]:51741 - 200 63B in 7.4916ms
2026/09/18 16:46:55 [WIN-6I1MUDEU984/zZbdHD3Rvd-000073] "POST http://localhost:9090/api/v1/canvases/68432bbf-b4b8-43e0-ba7a-6a37910cf686/elements/batch HTTP/1.1" from [::1]:51749 - 200 63B in 7.168ms
2026/09/18 16:47:04 [WIN-6I1MUDEU984/zZbdHD3Rvd-000074] "POST http://localhost:9090/api/v1/canvases/68432bbf-b4b8-43e0-ba7a-6a37910cf686/elements/batch HTTP/1.1" from [::1]:51754 - 200 63B in 6.1658ms
2026/09/18 16:47:13 [WIN-6I1MUDEU984/zZbdHD3Rvd-000075] "POST http://localhost:9090/api/v1/canvases/68432bbf-b4b8-43e0-ba7a-6a37910cf686/elements/batch HTTP/1.1" from [::1]:51757 - 200 63B in 6.7394ms
2026/09/18 16:47:34 [WIN-6I1MUDEU984/zZbdHD3Rvd-000076] "POST http://localhost:9090/api/v1/canvases/68432bbf-b4b8-43e0-ba7a-6a37910cf686/elements/batch HTTP/1.1" from [::1]:51759 - 200 63B in 13.2873ms
2026/09/18 16:48:05 [WIN-6I1MUDEU984/zZbdHD3Rvd-000077] "POST http://localhost:9090/api/v1/canvases/68432bbf-b4b8-43e0-ba7a-6a37910cf686/elements/batch HTTP/1.1" from [::1]:51780 - 200 63B in 8.3777ms
2026/09/18 16:49:28 [WIN-6I1MUDEU984/zZbdHD3Rvd-000078] "POST http://localhost:9090/api/v1/canvases/68432bbf-b4b8-43e0-ba7a-6a37910cf686/elements/batch HTTP/1.1" from [::1]:51853 - 401 107B in 547.2µs
2026/09/18 16:49:28 [WIN-6I1MUDEU984/zZbdHD3Rvd-000079] "POST http://localhost:9090/api/v1/auth/refresh HTTP/1.1" from [::1]:51854 - 200 542B in 7.4001ms
2026/09/18 16:49:28 [WIN-6I1MUDEU984/zZbdHD3Rvd-000080] "POST http://localhost:9090/api/v1/canvases/68432bbf-b4b8-43e0-ba7a-6a37910cf686/elements/batch HTTP/1.1" from [::1]:51856 - 200 63B in 5.7548ms
2026/09/18 16:49:35 [WIN-6I1MUDEU984/zZbdHD3Rvd-000081] "POST http://localhost:9090/api/v1/canvases/68432bbf-b4b8-43e0-ba7a-6a37910cf686/elements/batch HTTP/1.1" from [::1]:51861 - 200 63B in 6.9838ms
2026/09/18 16:49:48 [WIN-6I1MUDEU984/zZbdHD3Rvd-000082] "POST http://localhost:9090/api/v1/canvases/68432bbf-b4b8-43e0-ba7a-6a37910cf686/elements/batch HTTP/1.1" from [::1]:51863 - 200 63B in 6.8983ms
2026/09/18 16:50:01 [WIN-6I1MUDEU984/zZbdHD3Rvd-000083] "POST http://localhost:9090/api/v1/canvases/68432bbf-b4b8-43e0-ba7a-6a37910cf686/elements/batch HTTP/1.1" from [::1]:51872 - 200 63B in 6.9548ms
2026/09/18 16:50:10 [WIN-6I1MUDEU984/zZbdHD3Rvd-000084] "POST http://localhost:9090/api/v1/canvases/68432bbf-b4b8-43e0-ba7a-6a37910cf686/elements/batch HTTP/1.1" from [::1]:51874 - 200 63B in 8.2286ms
2026/09/18 16:50:15 [WIN-6I1MUDEU984/zZbdHD3Rvd-000085] "POST http://localhost:9090/api/v1/canvases/68432bbf-b4b8-43e0-ba7a-6a37910cf686/elements/batch HTTP/1.1" from [::1]:51876 - 200 63B in 5.7273ms
2026/09/18 16:50:22 [WIN-6I1MUDEU984/zZbdHD3Rvd-000086] "POST http://localhost:9090/api/v1/canvases/68432bbf-b4b8-43e0-ba7a-6a37910cf686/elements/batch HTTP/1.1" from [::1]:51878 - 200 63B in 7.524ms
2026/09/18 16:50:31 [WIN-6I1MUDEU984/zZbdHD3Rvd-000087] "POST http://localhost:9090/api/v1/canvases/68432bbf-b4b8-43e0-ba7a-6a37910cf686/elements/batch HTTP/1.1" from [::1]:51883 - 200 63B in 5.7866ms
2026/09/18 16:50:35 [WIN-6I1MUDEU984/zZbdHD3Rvd-000088] "POST http://localhost:9090/api/v1/canvases/68432bbf-b4b8-43e0-ba7a-6a37910cf686/elements/batch HTTP/1.1" from [::1]:51889 - 200 63B in 5.0319ms
2026/09/18 16:50:42 [WIN-6I1MUDEU984/zZbdHD3Rvd-000089] "POST http://localhost:9090/api/v1/canvases/68432bbf-b4b8-43e0-ba7a-6a37910cf686/elements/batch HTTP/1.1" from [::1]:51893 - 200 63B in 6.3737ms
2026/09/18 16:50:47 [WIN-6I1MUDEU984/zZbdHD3Rvd-000090] "POST http://localhost:9090/api/v1/canvases/68432bbf-b4b8-43e0-ba7a-6a37910cf686/elements/batch HTTP/1.1" from [::1]:51897 - 200 63B in 7.1185ms
2026/09/18 16:53:04 [WIN-6I1MUDEU984/zZbdHD3Rvd-000091] "POST http://localhost:9090/api/v1/canvases/68432bbf-b4b8-43e0-ba7a-6a37910cf686/elements/batch HTTP/1.1" from [::1]:51927 - 200 63B in 7.0471ms
2026/09/18 16:53:24 [WIN-6I1MUDEU984/zZbdHD3Rvd-000092] "POST http://localhost:9090/api/v1/canvases/68432bbf-b4b8-43e0-ba7a-6a37910cf686/elements/batch HTTP/1.1" from [::1]:51932 - 200 63B in 9.0071ms
2026/09/18 16:53:45 [WIN-6I1MUDEU984/zZbdHD3Rvd-000093] "POST http://localhost:9090/api/v1/canvases/68432bbf-b4b8-43e0-ba7a-6a37910cf686/elements/batch HTTP/1.1" from [::1]:51951 - 200 63B in 8.5928ms
2026/09/18 16:54:04 [WIN-6I1MUDEU984/zZbdHD3Rvd-000094] "POST http://localhost:9090/api/v1/canvases/68432bbf-b4b8-43e0-ba7a-6a37910cf686/elements/batch HTTP/1.1" from [::1]:51957 - 200 63B in 8.1794ms
2026/09/18 16:54:14 [WIN-6I1MUDEU984/zZbdHD3Rvd-000095] "POST http://localhost:9090/api/v1/canvases/68432bbf-b4b8-43e0-ba7a-6a37910cf686/elements/batch HTTP/1.1" from [::1]:51969 - 200 63B in 12.6822ms
2026/09/18 16:54:24 [WIN-6I1MUDEU984/zZbdHD3Rvd-000096] "POST http://localhost:9090/api/v1/canvases/68432bbf-b4b8-43e0-ba7a-6a37910cf686/elements/batch HTTP/1.1" from [::1]:51973 - 200 63B in 7.3482ms
2026/09/18 16:54:32 [WIN-6I1MUDEU984/zZbdHD3Rvd-000097] "POST http://localhost:9090/api/v1/canvases/68432bbf-b4b8-43e0-ba7a-6a37910cf686/elements/batch HTTP/1.1" from [::1]:51976 - 200 63B in 4.2113ms
2026/09/18 16:54:37 [WIN-6I1MUDEU984/zZbdHD3Rvd-000098] "POST http://localhost:9090/api/v1/canvases/68432bbf-b4b8-43e0-ba7a-6a37910cf686/elements/batch HTTP/1.1" from [::1]:51983 - 200 63B in 5.765ms
2026/09/18 16:54:41 [WIN-6I1MUDEU984/zZbdHD3Rvd-000099] "POST http://localhost:9090/api/v1/canvases/68432bbf-b4b8-43e0-ba7a-6a37910cf686/elements/batch HTTP/1.1" from [::1]:51985 - 200 63B in 4.354ms
2026/09/18 16:54:58 [WIN-6I1MUDEU984/zZbdHD3Rvd-000100] "POST http://localhost:9090/api/v1/canvases/68432bbf-b4b8-43e0-ba7a-6a37910cf686/elements/batch HTTP/1.1" from [::1]:51999 - 200 63B in 5.0852ms
2026/09/18 16:55:04 [WIN-6I1MUDEU984/zZbdHD3Rvd-000101] "POST http://localhost:9090/api/v1/canvases/68432bbf-b4b8-43e0-ba7a-6a37910cf686/elements/batch HTTP/1.1" from [::1]:52004 - 200 63B in 6.5592ms
2026/09/18 16:55:11 [WIN-6I1MUDEU984/zZbdHD3Rvd-000102] "POST http://localhost:9090/api/v1/canvases/68432bbf-b4b8-43e0-ba7a-6a37910cf686/elements/batch HTTP/1.1" from [::1]:52006 - 200 63B in 9.13ms
2026/09/18 16:55:18 [WIN-6I1MUDEU984/zZbdHD3Rvd-000103] "POST http://localhost:9090/api/v1/canvases/68432bbf-b4b8-43e0-ba7a-6a37910cf686/elements/batch HTTP/1.1" from [::1]:52008 - 200 63B in 4.5445ms
2026/09/18 16:55:29 [WIN-6I1MUDEU984/zZbdHD3Rvd-000104] "POST http://localhost:9090/api/v1/canvases/68432bbf-b4b8-43e0-ba7a-6a37910cf686/elements/batch HTTP/1.1" from [::1]:52015 - 200 63B in 10.5957ms
